[spielglocked.tumblr.com/odessa-01.html]
[backblue.gif]
[fade.gif]
[index.html]
[dl.dropboxusercontent.com/s/uira0mzh2az83we/odessa-v1.css_; filename_=UTF-8''odessa-v1.css]
[assets.tumblr.com/assets/scripts/tumblelog_post_message_queue38df.js]
[assets.tumblr.com/fonts/gibson/stylesheet30f4.css]
[spielglocked.tumblr.com/ask.html]
[spielglocked.tumblr.com/index.html]
[spielglocked.tumblr.com/follow/spielglocked.7.delayed]
[dl.dropboxusercontent.com/s/qfc1c8h7hlnitqu/odessa-scripts.js_; filename_=UTF-8''odessa-scripts.js]
[spielglocked.tumblr.com/analytics.html]
[spielglocked.tumblr.com/odessa-01.html]
[static.tumblr.com/vr8wztv/KHzpnokhf/cssreset.css]
[dl.dropboxusercontent.com/s/uira0mzh2az83we/odessa-v1.css_; filename_=UTF-8''odessa-v1.css]
[assets.tumblr.com/client/prod/standalone/tumblelog/index.buildb461.js]
[assets.tumblr.com/fonts/gibson/Gibson-Regular-webfonteccb.eot]
[assets.tumblr.com/fonts/gibson/Gibson-Regular-webfont95c6.eot]
[assets.tumblr.com/fonts/gibson/Gibson-Regular-webfonteccb.woff]
[assets.tumblr.com/fonts/gibson/Gibson-Regular-webfonteccb.ttf]
[assets.tumblr.com/fonts/gibson/Gibson-Regular-webfonteccb.svg]
[assets.tumblr.com/fonts/gibson/Gibson-SemiBold-webfonteccb.eot]
[assets.tumblr.com/fonts/gibson/Gibson-SemiBold-webfont95c6.eot]
[assets.tumblr.com/fonts/gibson/Gibson-SemiBold-webfonteccb.woff]
[assets.tumblr.com/fonts/gibson/Gibson-SemiBold-webfonteccb.ttf]
[assets.tumblr.com/fonts/gibson/Gibson-SemiBold-webfonteccb.svg]
[assets.tumblr.com/fonts/gibson/Gibson-Italic-webfonteccb.eot]
[assets.tumblr.com/fonts/gibson/Gibson-Italic-webfont95c6.eot]
[assets.tumblr.com/fonts/gibson/Gibson-Italic-webfonteccb.woff]
[assets.tumblr.com/fonts/gibson/Gibson-Italic-webfonteccb.ttf]
[assets.tumblr.com/fonts/gibson/Gibson-Italic-webfonteccb.svg]
[assets.tumblr.com/fonts/gibson/Gibson-SemiBoldItalic-webfonteccb.eot]
[assets.tumblr.com/fonts/gibson/Gibson-SemiBoldItalic-webfont95c6.eot]
[assets.tumblr.com/fonts/gibson/Gibson-SemiBoldItalic-webfonteccb.woff]
[assets.tumblr.com/fonts/gibson/Gibson-SemiBoldItalic-webfonteccb.ttf]
[assets.tumblr.com/fonts/gibson/stylesheet30f4.css]
[assets.tumblr.com/fonts/gibson/Gibson-SemiBoldItalic-webfonteccb.svg]
[assets.tumblr.com/assets/scripts/pre_tumblelogd70f.js]
[use.typekit.net/bmx4inu.css]
[spielglocked.tumblr.com/android-app_/com.tumblr/tumblr/x-callback-url/blogac33]
[spielglocked.tumblr.com/ios-app_/305343404/tumblr/x-callback-url/blogac33]
[spielglocked.tumblr.com/mykola-01.html]
[spielglocked.tumblr.com/mykola-02.html]
[spielglocked.tumblr.com/mykola-03.html]
[spielglocked.tumblr.com/mykola-04.html]
[spielglocked.tumblr.com/sima-01.html]
[spielglocked.tumblr.com/sima-02.html]
[spielglocked.tumblr.com/sima-03.html]
[spielglocked.tumblr.com/odessa-02.html]
[spielglocked.tumblr.com/mitya-01.html]
[spielglocked.tumblr.com/mitya-02.html]
[spielglocked.tumblr.com/mitya-03.html]
[spielglocked.tumblr.com/aidan-01.html]
[spielglocked.tumblr.com/aidan-02.html]
[spielglocked.tumblr.com/aidan-03.html]
[spielglocked.tumblr.com/aidan-04.html]
[spielglocked.tumblr.com/sochi-01.html]
[spielglocked.tumblr.com/sochi-02.html]
[spielglocked.tumblr.com/soren-01.html]
[spielglocked.tumblr.com/soren-02.html]
[spielglocked.tumblr.com/flynn-01.html]
[spielglocked.tumblr.com/flynn-02.html]
[spielglocked.tumblr.com/flynn-03.html]
[spielglocked.tumblr.com/flynn-04.html]
[spielglocked.tumblr.com/djakarta-01.html]
[spielglocked.tumblr.com/djakarta-02.html]
[spielglocked.tumblr.com/dieter-01.html]
[spielglocked.tumblr.com/dieter-02.html]
[spielglocked.tumblr.com/index.html]
[spielglocked.tumblr.com/dieter-03.html]
[spielglocked.tumblr.com/android-app_/com.tumblr/tumblr/x-callback-url/blogca13]
[spielglocked.tumblr.com/ios-app_/305343404/tumblr/x-callback-url/bloge61c]
[spielglocked.tumblr.com/ask.html]
[spielglocked.tumblr.com/follow/spielglocked.html]
[spielglocked.tumblr.com/analytics.html]
[assets.tumblr.com/fonts/gibson/Gibson-Regular-webfonteccb.svg]
[assets.tumblr.com/fonts/gibson/Gibson-SemiBold-webfonteccb.svg]
[assets.tumblr.com/fonts/gibson/Gibson-Italic-webfonteccb.svg]
[assets.tumblr.com/fonts/gibson/Gibson-SemiBoldItalic-webfonteccb.svg]
[static.tumblr.com/vr8wztv/MJMq0a3lg/sgf.css]
[use.typekit.net/af/f3ba4f/00000000000000003b9b12fa/27/l04c7]
[use.typekit.net/af/f3ba4f/00000000000000003b9b12fa/27/d04c7]
[use.typekit.net/af/f3ba4f/00000000000000003b9b12fa/27/a04c7]
[use.typekit.net/af/3e64fb/00000000000000003b9b12fe/27/l0ac7]
[use.typekit.net/af/3e64fb/00000000000000003b9b12fe/27/d0ac7]
[use.typekit.net/af/3e64fb/00000000000000003b9b12fe/27/a0ac7]
[use.typekit.net/af/4eabcf/00000000000000003b9b12fd/27/l64f0]
[use.typekit.net/af/4eabcf/00000000000000003b9b12fd/27/d64f0]
[use.typekit.net/af/4eabcf/00000000000000003b9b12fd/27/a64f0]
[use.typekit.net/af/a386b3/00000000000000003b9b12f9/27/l00c0]
[use.typekit.net/af/a386b3/00000000000000003b9b12f9/27/d00c0]
[use.typekit.net/af/a386b3/00000000000000003b9b12f9/27/a00c0]
[use.typekit.net/af/e32ad9/00000000000000003b9b12fb/27/l34b8]
[use.typekit.net/af/e32ad9/00000000000000003b9b12fb/27/d34b8]
[use.typekit.net/af/e32ad9/00000000000000003b9b12fb/27/a34b8]
[use.typekit.net/af/a6fa4a/00000000000000003b9b12fc/27/l3fe8]
[use.typekit.net/af/a6fa4a/00000000000000003b9b12fc/27/d3fe8]
[use.typekit.net/bmx4inu.css]
[use.typekit.net/af/a6fa4a/00000000000000003b9b12fc/27/a3fe8]
[spielglocked.tumblr.com/android-app_/com.tumblr/tumblr/x-callback-url/blogac33.html]
[spielglocked.tumblr.com/ios-app_/305343404/tumblr/x-callback-url/blogac33.html]
[dl.dropboxusercontent.com/s/jcxqhaqnox8ku5w/mykola-v1.css_; filename_=UTF-8''mykola-v1.css]
[spielglocked.tumblr.com/android-app_/com.tumblr/tumblr/x-callback-url/blog077a]
[spielglocked.tumblr.com/ios-app_/305343404/tumblr/x-callback-url/blog43b5]
[assets.tumblr.com/fonts/avalon/stylesheet3860.css]
[spielglocked.tumblr.com/archive.html]
[66.media.tumblr.com/d907c23111d5427471bb64c07f5db03d/tumblr_pnztpi1cVO1qzqavpo1_1280.jpg]
[66.media.tumblr.com/6c590d66028ee5689b05f174762de684/tumblr_pmalhg8jgd1r1zmcwo1_1280.jpg]
[spielglocked.tumblr.com/post/183375753742/audio_player_iframe/vodkafone/tumblr_ls5yvonbmb1qbnnd6f4ae.html]
[assets.tumblr.com/images/anonymous_avatar_40.gif]
[ajax.googleapis.com/ajax/libs/jquery/1.12.4/jquery.min.js]
[static.tumblr.com/0podkko/jfMplm3f8/modified_photosets.js]
[dl.dropboxusercontent.com/s/xm59mcz0h1gez6e/mykola-scripts.js_; filename_=UTF-8''mykola-scripts.js]
[assets.tumblr.com/assets/scripts/vendor/cedexis/1-13960-radar10.min.655198.delayed]
[spielglocked.tumblr.com/mykola-01.html]
[assets.tumblr.com/client/prod/standalone/tumblelog/index.build6322.js]
[66.media.tumblr.com/91abaeabf2a889ff61aeb9da2e692e01/tumblr_6c46734bb7a24b5408549c7ec138d62e_aaa50041_1280.jpg]
[spielglocked.tumblr.com/mykola-02.html]
[spielglocked.tumblr.com/android-app_/com.tumblr/tumblr/x-callback-url/blog4bff]
[spielglocked.tumblr.com/ios-app_/305343404/tumblr/x-callback-url/blogd67a]
[assets.tumblr.com/images/default_avatar/sphere_closed_16.png]
[assets.tumblr.com/images/default_avatar/pyramid_open_16.png]
[assets.tumblr.com/images/default_avatar/cone_closed_16.png]
[assets.tumblr.com/images/default_avatar/sphere_open_16.png]
[spielglocked.tumblr.com/mykola-03.html]
[spielglocked.tumblr.com/android-app_/com.tumblr/tumblr/x-callback-url/blog8d7b]
[spielglocked.tumblr.com/ios-app_/305343404/tumblr/x-callback-url/blogef30]
[spielglocked.tumblr.com/mykola-04.html]
[dl.dropboxusercontent.com/s/fvo7irfxmvdki54/sima-stylesheet.css_; filename_=UTF-8''sima-stylesheet.css]
[64.media.tumblr.com/avatar_b21528ce3837_128.png]
[spielglocked.tumblr.com/android-app_/com.tumblr/tumblr/x-callback-url/blog2f5e]
[spielglocked.tumblr.com/ios-app_/305343404/tumblr/x-callback-url/blogea59]
[64.media.tumblr.com/444425e05584f02127aa9871550b15da/tumblr_oq5cdqquo51uy2ljso1_1280.jpg]
[64.media.tumblr.com/e30de962f79e8b8a7bae37276f1717c9/tumblr_okx0tzUzbz1s9fcvfo1_1280.jpg]
[64.media.tumblr.com/36d420905feabcf583e6496a296946cc/tumblr_munr9lKi2H1qlpi6jo1_1280.jpg]
[64.media.tumblr.com/b0867be4d88ec006d21d2de414b7cf04/tumblr_plcb0pYMDk1qgiw5to1_500.jpg]
[64.media.tumblr.com/1d29367a3e34058543ab6b1e2fbd899e/tumblr_pn89ibsWDx1qkm8e2o1_1280.jpg]
[64.media.tumblr.com/84123fbd4662ca922c554b03bdaa0c40/tumblr_poxv0kYDKB1qgiw5to1_1280.jpg]
[64.media.tumblr.com/d0d6b76b839c4282e3442ca85685d1fb/tumblr_nv4zcxcMs21utyjjko1_1280.jpg]
[64.media.tumblr.com/ed5ccebf47481da7b52722638eed526c/tumblr_no31y0TOEn1qzq97po1_1280.jpg]
[64.media.tumblr.com/9b0e795df479fbcade3884b8ef491861/tumblr_peadf885gL1sbrc26o1_1280.jpg]
[64.media.tumblr.com/a441837c016783094675402ddbdb92af/tumblr_pxfu26qom31qc91i1o1_1280.png]
[spielglocked.tumblr.com/post/620829400743706624/audio_player_iframe/vodkafone/tumblr_mkx10jOLTk1s91iac73d8.html]
[spielglocked.tumblr.com/page/2.html]
[cdn.jsdelivr.net/npm/feather-icons/dist/feather.min.js]
[dl.dropboxusercontent.com/s/9bl6rwv5j4bg32a/sima-scripts.js_; filename_=UTF-8''sima-scripts.js]
[spielglocked.tumblr.com/sima-01.html]
[assets.tumblr.com/client/prod/standalone/tumblelog/index.buildce65.js]
[dl.dropboxusercontent.com/s/ldzl7ylhf8lgpp0/sima-v1.css_; filename_=UTF-8''sima-v1.css]
[spielglocked.tumblr.com/android-app_/com.tumblr/tumblr/x-callback-url/blogab15]
[spielglocked.tumblr.com/ios-app_/305343404/tumblr/x-callback-url/blog4767]
[spielglocked.tumblr.com/page01]
[spielglocked.tumblr.com/page02]
[66.media.tumblr.com/6afd02da82b539c5546455c3b40f76e3/tumblr_oe3utnep6u1uq7vzno1_640.jpg]
[66.media.tumblr.com/adc5d524857fad2a7396bca05d79e9d4/tumblr_pmdczf61zy1qgiw5to1_640.jpg]
[66.media.tumblr.com/e5c20368912f0a5e5c39f9da2795910b/tumblr_pf89rjiOIa1qc91i1o1_1280.jpg]
[66.media.tumblr.com/c91d064428e31c9cef8afe266f7db344/tumblr_plst41j4oH1qc91i1o1_1280.jpg]
[66.media.tumblr.com/16ddd38ab927db13678f4125794ec4de/tumblr_pare0fy4ev1qak1r4o1_1280.jpg]
[66.media.tumblr.com/e5d965dbfa4a6c7420d4c4d59305c299/tumblr_e5ad5ad087d2979af6d0bbab6dcb5c82_319b4705_1280.png]
[66.media.tumblr.com/b0981c5b7e9d3fade31e9cd3f6a26384/tumblr_pi9fmoPtFE1s6d7dto2_r1_1280.jpg]
[66.media.tumblr.com/6e4cd372f027f5e744c9b9d8f9b345bc/tumblr_pi9fmoPtFE1s6d7dto1_1280.jpg]
[66.media.tumblr.com/be2f06e61a5f55a7200f846cff40b756/tumblr_plwcfvXY5g1qc91i1o1_1280.png]
[66.media.tumblr.com/d8ea253db0670867adcef0babc871c59/tumblr_pnfyogo2301qb4hiyo1_640.jpg]
[66.media.tumblr.com/e03f8c51ef6194f8cde328858a95f1b1/tumblr_p1lbe6d9jx1tk8sb0o1_1280.jpg]
[66.media.tumblr.com/1c9a34faf32017773a3608b88e22fc53/tumblr_pkb04ruMP01qc91i1o1_1280.png]
[spielglocked.tumblr.com/post/184529911922/audio_player_iframe/vodkafone/tumblr_mza325VcJK1qhqvn97d3f.html]
[assets.tumblr.com/client/prod/standalone/tumblelog/index.build6876.js]
[spielglocked.tumblr.com/sima-02.html]
[dl.dropboxusercontent.com/s/vdaqh3lz1uz71v4/sima-scripts.js_; filename_=UTF-8''sima-scripts.js]
[spielglocked.tumblr.com/android-app_/com.tumblr/tumblr/x-callback-url/blog.9b22a1.delayed]
[spielglocked.tumblr.com/ios-app_/305343404/tumblr/x-callback-url/blog6db9]
[66.media.tumblr.com/9b0e795df479fbcade3884b8ef491861/tumblr_peadf885gL1sbrc26o1_1280.jpg]
[assets.tumblr.com/images/default_avatar/cone_open_16.png]
[spielglocked.tumblr.com/sima-03.html]
[i.imgur.com/eGPDOkd.png]
[i.imgur.com/1KV3rsM.png]
[i.imgur.com/8c069BI.png]
[i.imgur.com/mTW6wb8.png]
[i.imgur.com/8S79n1G.png]
[i.imgur.com/BibnUOl.png]
[i.imgur.com/keULgz3.jpg]
[i.imgur.com/vayS4We.png]
[i.imgur.com/CW4IOrg.png]
[i.imgur.com/5D50mBQ.png]
[spielglocked.tumblr.com/odessa-02.html]
[dl.dropboxusercontent.com/s/n4qya0sbrvgdeb2/mitya-v1.css_; filename_=UTF-8''mitya-v1.css]
[66.media.tumblr.com/avatar_df9afc31cd2a_128.png]
[spielglocked.tumblr.com/android-app_/com.tumblr/tumblr/x-callback-url/blog.b6918d.delayed]
[spielglocked.tumblr.com/ios-app_/305343404/tumblr/x-callback-url/blogf6b6]
[66.media.tumblr.com/2e6a2c02cd8948ca2ac49d2211935674/tumblr_pooetvKyHj1v3pvcao1_1280.jpg]
[66.media.tumblr.com/f58fed327eb977a45ea33b8e666c3e3b/tumblr_pql59umIYx1v3pvcao1_r1_1280.jpg]
[66.media.tumblr.com/7a7fbee523a144b8011bcb0678382872/tumblr_psfvajHeDa1v3pvcao1_1280.jpg]
[66.media.tumblr.com/5626ab3c1562c5fa018df93dd3817c63/tumblr_on89o0TBjv1qm3r26o1_1280.jpg]
[66.media.tumblr.com/8bb295a2cb492139d70e50a041756ed6/tumblr_p071u2OpA91r2wp5xo1_1280.jpg]
[66.media.tumblr.com/b96bee2ae5294a6d37eb3726bd4cbda0/tumblr_osoa6wGseC1qc91i1o1_640.png]
[66.media.tumblr.com/9691a00be20af3869f79265a2ef9f2da/tumblr_nzukowZYXH1r0am3lo1_1280.jpg]
[66.media.tumblr.com/5a03f5179fe9e61c14b3297ceec4a1ed/tumblr_psdywvNlai1qgiw5to1_1280.jpg]
[66.media.tumblr.com/86e78ed05b51688ce7659d74a188d67c/tumblr_mtoywg3urH1rpowflo1_640.jpg]
[66.media.tumblr.com/80032fd14f207ad46da023c27bc02fe2/tumblr_ngb29qIO171roj4ymo1_1280.jpg]
[spielglocked.tumblr.com/post/185498522262/audio_player_iframe/vodkafone/tumblr_mjljwlM1fG1s7akhn115a.html]
[unpkg.com/infinite-scroll@3.0.6/dist/infinite-scroll.pkgd.min.js]
[dl.dropboxusercontent.com/s/h92i4fkpr1fij4v/mitya-scripts.js_; filename_=UTF-8''mitya-scripts.js]
[spielglocked.tumblr.com/mitya-01.html]
[assets.tumblr.com/client/prod/standalone/tumblelog/index.build7c9a.js]
[spielglocked.tumblr.com/android-app_/com.tumblr/tumblr/x-callback-url/blogbc02]
[spielglocked.tumblr.com/ios-app_/305343404/tumblr/x-callback-url/blog3fb5]
[66.media.tumblr.com/50f52a6de7ebf3b3d4288e2f9db2ec42/tumblr_pp92v0Jgn51qgiw5to1_640.jpg]
[66.media.tumblr.com/d91a1e580feddbc7d8034f40e701212e/tumblr_nydu2cOa2o1u3u9z3o1_1280.jpg]
[66.media.tumblr.com/4ec8151c67f3775d3ccfe54dc0cf1c4d/tumblr_ps29g0iv431u3u9z3o1_1280.jpg]
[66.media.tumblr.com/c2bc6d238301f9f326fbc2b8d016419e/tumblr_owk6njhwrB1qaruxco1_1280.jpg]
[66.media.tumblr.com/0f4e4334feac0a6c54a09778d86b28e5/tumblr_ple5wlqlKZ1qgiw5to1_1280.jpg]
[66.media.tumblr.com/183b4304e013169172542f01775cdc57/tumblr_oo51u0B4kE1qgiw5to1_1280.jpg]
[spielglocked.tumblr.com/post/185567381822/audio_player_iframe/vodkafone/tumblr_prpohqfQuG1szd2g36b95.html]
[66.media.tumblr.com/a4320f3dafc42cc820cc46fa743dde9b/tumblr_pp54f0El9D1qgiw5to1_1280.jpg]
[spielglocked.tumblr.com/mitya-02.html]
[spielglocked.tumblr.com/android-app_/com.tumblr/tumblr/x-callback-url/blog0971]
[spielglocked.tumblr.com/ios-app_/305343404/tumblr/x-callback-url/blog74cc]
[66.media.tumblr.com/e532eeffd2f2cad32c1342388944d952/tumblr_pr54srSVWc1qc91i1o1_1280.png]
[66.media.tumblr.com/e836e2e738387f190d243c875a5f9085/tumblr_ovce77S5q61r461b0o2_1280.jpg]
[66.media.tumblr.com/72f403366ed8fde57307c5ba3e98ce69/tumblr_ovce77S5q61r461b0o3_1280.jpg]
[66.media.tumblr.com/9a92bb33deaffae9bdaed403e9eb8208/tumblr_ovce77S5q61r461b0o4_1280.jpg]
[spielglocked.tumblr.com/post/185569090062/audio_player_iframe/vodkafone/tumblr_mo582cW5vM1r0mdvu812f.html]
[66.media.tumblr.com/b4677892373d3e3cd1297f3a5bd24f0d/tumblr_ot3o6lApqT1sh1x48o1_500.jpg]
[66.media.tumblr.com/60dc66d7285dd155f771c105ec9e4128/tumblr_ni2sbnPgIh1rpowflo1_1280.jpg]
[spielglocked.tumblr.com/mitya-03.html]
[dl.dropboxusercontent.com/s/c34hafrafj8gb1i/aidan-v1.css_; filename_=UTF-8''aidan-v1.css]
[66.media.tumblr.com/avatar_b21528ce3837_128.png]
[unpkg.com/aos@2.3.1/dist/aos.css]
[spielglocked.tumblr.com/android-app_/com.tumblr/tumblr/x-callback-url/bloga697]
[spielglocked.tumblr.com/ios-app_/305343404/tumblr/x-callback-url/blog1625]
[66.media.tumblr.com/901aa0b2833cecc234a84ead40ebf818/2a779798a24e9399-4a/s64x64u_c1/tumblr_901aa0b2833cecc234a84ead40ebf818_dccb13d6_64.jpg]
[66.media.tumblr.com/e79e25ae1731f850ab66e7eaf2d29c65/tumblr_ogyh7t04Vn1u9dc3yo1_1280.jpg]
[66.media.tumblr.com/e6c8500c4d32079e22689a4a06966d89/tumblr_ogyh7t04Vn1u9dc3yo2_640.jpg]
[66.media.tumblr.com/tumblr_n7pzcagC7t1sqtsjwo1_1403691562_cover.jpg]
[spielglocked.tumblr.com/post/186474513322/audio_player_iframe/vodkafone/tumblr_n7pzcagC7t1sqtsjw5241.html]
[66.media.tumblr.com/avatar_3bb69bb9a3be_64.png]
[66.media.tumblr.com/avatar_19f3822e84f0_64.png]
[66.media.tumblr.com/f77bcd0861caf679a4747aeb28f07a4e/tumblr_f1884867214aa224403d738b590db8d4_e3ab10bf_1280.png]
[66.media.tumblr.com/avatar_030292b4fb90_64.png]
[66.media.tumblr.com/d30481446e20d08ce0cfe7a8d32019e6/tumblr_plfnn3igcD1qkm8e2o1_1280.jpg]
[assets.tumblr.com/images/anonymous_avatar_128.gif]
[spielglocked.tumblr.com/#_=_.html]
[unpkg.com/aos@2.3.1/dist/aos.js]
[dl.dropboxusercontent.com/s/me30dics43q59az/aidan-scripts.js_; filename_=UTF-8''aidan-scripts.js]
[spielglocked.tumblr.com/aidan-01.html]
[assets.tumblr.com/client/prod/standalone/tumblelog/index.buildc712.js]
[spielglocked.tumblr.com/android-app_/com.tumblr/tumblr/x-callback-url/blogd059]
[spielglocked.tumblr.com/ios-app_/305343404/tumblr/x-callback-url/blog64f7]
[66.media.tumblr.com/40bdbfff481e06bf2968dc7c52898473/tumblr_69041ba637535fd3e07c2c8c3b700704_d1220cac_1280.jpg]
[66.media.tumblr.com/fb535206cad996420479452ecb335ad7/eafcff7c3023465c-e9/s500x750/tumblr_fb535206cad996420479452ecb335ad7_698d1c8a_500.png]
[66.media.tumblr.com/af60cbd0d0cf70075240f50f131be8aa/tumblr_psmw1dpdhe1qkm8e2o1_1280.jpg]
[edge-mcdn.secure.yahoo.com/tumblr/pixie.js]
[spielglocked.tumblr.com/aidan-02.html]
[spielglocked.tumblr.com/android-app_/com.tumblr/tumblr/x-callback-url/blog.f8848e.delayed]
[spielglocked.tumblr.com/ios-app_/305343404/tumblr/x-callback-url/blog028e]
[66.media.tumblr.com/53850cdf90241e1aaf89144fedbd4784/tumblr_owsq23LOU31qddxjwo1_1280.jpg]
[66.media.tumblr.com/6b7c8c9a2bda7516937dfcf83c92b21f/tumblr_owsq23LOU31qddxjwo2_1280.jpg]
[66.media.tumblr.com/ea0d3c8ebf394c59ee7ce5c545f94531/tumblr_owsq23LOU31qddxjwo3_1280.jpg]
[66.media.tumblr.com/avatar_42c568ff483a_16.gif]
[spielglocked.tumblr.com/aidan-03.html]
[spielglocked.tumblr.com/android-app_/com.tumblr/tumblr/x-callback-url/blog.fe3e3b.delayed]
[spielglocked.tumblr.com/ios-app_/305343404/tumblr/x-callback-url/blog8559]
[66.media.tumblr.com/019aee04c2eb12cd6a7e486aad31cc31/4eb0a9490b892077-66/s500x750/tumblr_019aee04c2eb12cd6a7e486aad31cc31_bea70501_500.png]
[66.media.tumblr.com/7b05360a9ed6d25ab8a6a926a60dae87/4eb0a9490b892077-89/s500x750/tumblr_7b05360a9ed6d25ab8a6a926a60dae87_3895a280_500.png]
[spielglocked.tumblr.com/aidan-04.html]
[dl.dropboxusercontent.com/s/9wavgqnh65ywsqu/sochi-v1.css_; filename_=UTF-8''sochi-v1.css]
[dl.dropboxusercontent.com/s/n9r8hjisuq8fiql/sochi-customizer-styling.css_; filename_=UTF-8''sochi-customizer-styling.css]
[i.imgur.com/MMLX4pB.png]
[i.imgur.com/pJnPLw9.png]
[i.imgur.com/ydYOyVs.png]
[i.imgur.com/6L6JVfm.png]
[i.imgur.com/oNEDQST.jpg]
[i.imgur.com/iotPajD.jpg]
[i.imgur.com/yYbYfi5.jpg]
[i.imgur.com/8SmM705.jpg]
[i.imgur.com/PmtgBbY.jpg]
[i.imgur.com/DGmDP1g.jpg]
[dl.dropboxusercontent.com/s/3uxl6kwp4g8n092/sochi-scripts.js_; filename_=UTF-8''sochi-scripts.js]
[spielglocked.tumblr.com/sochi-01.html]
[spielglocked.tumblr.com/sochi-02.html]
[dl.dropboxusercontent.com/s/r1rm71js1f5991d/customizer.js_; filename_=UTF-8''customizer.js]
[dl.dropboxusercontent.com/s/3x2nevpvlozdlq4/s_ren-v1.css_; filename_=UTF-8''s%C3%B8ren-v1.css]
[spielglocked.tumblr.com/android-app_/com.tumblr/tumblr/x-callback-url/blogaaec]
[spielglocked.tumblr.com/ios-app_/305343404/tumblr/x-callback-url/blog193e]
[66.media.tumblr.com/fd9e94d903dd25dff4b2e8f8fdee828c/tumblr_pquzle39LP1r08lnpo1_1280.jpg]
[66.media.tumblr.com/b2ed9eaae1a859cf3098939f47dbc29a/tumblr_pqtx2pcJFN1qc91i1o1_1280.png]
[spielglocked.tumblr.com/post/188041234552/audio_player_iframe/vodkafone/tumblr_ne0uazKmzC1qerkjw5a2f]
[66.media.tumblr.com/00ad334a735589315ef53f7302507b0d/tumblr_puoaf6sQi11qb2sxmo1_1280.jpg]
[dl.dropboxusercontent.com/s/c94t88i5qqk06yo/s_ren-scripts.js_; filename_=UTF-8''s%C3%B8ren-scripts.js]
[spielglocked.tumblr.com/soren-01.html]
[assets.tumblr.com/client/prod/standalone/tumblelog/index.build7f28.js]
[spielglocked.tumblr.com/android-app_/com.tumblr/tumblr/x-callback-url/blog.11fd700.delayed]
[spielglocked.tumblr.com/ios-app_/305343404/tumblr/x-callback-url/blog3ebd]
[66.media.tumblr.com/70bfa22fae240da79cd46981bde5974a/tumblr_pvimwo0DBo1qfc4xho1_500.jpg]
[66.media.tumblr.com/c4ef9f66f533dc93e9b199cc24e92875/64ca5984e543bde4-c3/s16x16u_c1/tumblr_c4ef9f66f533dc93e9b199cc24e92875_c9499021_16.jpg]
[66.media.tumblr.com/e2fa2eb141c771e6b1711e70ca1a3e1e/8cfd920b9f019783-b4/s16x16u_c1/tumblr_e2fa2eb141c771e6b1711e70ca1a3e1e_028b3807_16.jpg]
[66.media.tumblr.com/eb0edfd3beb2f255072dabb4374a7853/a270cb247d7ef0cb-10/s16x16u_c1/tumblr_eb0edfd3beb2f255072dabb4374a7853_c3b52612_16.jpg]
[66.media.tumblr.com/385ffcae8aeae822f101672caa717238/eae80f08317faeb7-1e/s16x16u_c1/tumblr_385ffcae8aeae822f101672caa717238_1b52d3c6_16.jpg]
[66.media.tumblr.com/e8b4286895d7432b9ec96128daf28f17/32fc5492a3c35ca7-2c/s16x16u_c1/tumblr_e8b4286895d7432b9ec96128daf28f17_fd0f079b_16.jpg]
[66.media.tumblr.com/a4e0cecfcffba882f134dcbe08366f36/a7eb19ce06cec949-11/s16x16u_c1/tumblr_a4e0cecfcffba882f134dcbe08366f36_eb336291_16.jpg]
[66.media.tumblr.com/67b4bbbbcf952a0b163438cde9e22b31/13f9ea95e2d13899-15/s16x16u_c1/tumblr_67b4bbbbcf952a0b163438cde9e22b31_27bff476_16.jpg]
[assets.tumblr.com/images/default_avatar/pyramid_closed_16.png]
[66.media.tumblr.com/5b4d36392465973213c89aea0a2e7f87/cd44fa166da0a904-00/s16x16u_c1/tumblr_5b4d36392465973213c89aea0a2e7f87_a50a81a3_16.jpg]
[assets.tumblr.com/images/default_avatar/octahedron_closed_16.png]
[66.media.tumblr.com/e16bc5a388ccec1b806f1f066da40ae8/73e28df70a477622-f7/s16x16u_c1/tumblr_e16bc5a388ccec1b806f1f066da40ae8_9e40f456_16.jpg]
[spielglocked.tumblr.com/soren-02.html]
[dl.dropboxusercontent.com/s/534ajfq42zjfmbr/flynn-v1.css_; filename_=UTF-8''flynn-v1.css]
[66.media.tumblr.com/2223313a38da5ffde3a7df85d0232a4d/tumblr_pylw73nruC1wa8vf6o1_1280.jpg]
[66.media.tumblr.com/bca648c9f542f4dcc78274969ed09e07/767c8470270d9540-54/s500x750/tumblr_bca648c9f542f4dcc78274969ed09e07_1f3e498b_500.jpg]
[spielglocked.tumblr.com/post/188445639042/audio_player_iframe/vodkafone/tumblr_XZ9dUXjkmsk9FE8Gcf78e.html]
[spielglocked.tumblr.com/page/3.html]
[assets.tumblr.com/images/x3860.gif]
[dl.dropboxusercontent.com/s/y2mjtylfw2h1kqc/flynn-scripts.js_; filename_=UTF-8''flynn-scripts.js]
[spielglocked.tumblr.com/flynn-01.html]
[assets.tumblr.com/client/prod/standalone/tumblelog/index.build8dc6.js]
[66.media.tumblr.com/ffe8e3fc740e3e316a5204430a97b58d/tumblr_pxkx54UUzp1ukhwgzo1_1280.jpg]
[spielglocked.tumblr.com/flynn-02.html]
[spielglocked.tumblr.com/android-app_/com.tumblr/tumblr/x-callback-url/blogf5bb]
[spielglocked.tumblr.com/ios-app_/305343404/tumblr/x-callback-url/blog0a27]
[66.media.tumblr.com/a25eeb938f0205a36206db6adf195153/tumblr_pwzoom4CqE1qb2sxmo1_1280.jpg]
[66.media.tumblr.com/c7059eead35b717cce00ef88a806b2e9/b7d96d014b3c99bb-55/s64x64u_c1/tumblr_c7059eead35b717cce00ef88a806b2e9_04e8bd06_64.jpg]
[assets.tumblr.com/images/default_avatar/octahedron_open_64.png]
[66.media.tumblr.com/ee8c1aaea354a728eebe62e7617847b6/9bcb75b74c46c18e-e2/s64x64u_c1/tumblr_ee8c1aaea354a728eebe62e7617847b6_b8e6f67c_64.jpg]
[66.media.tumblr.com/de1348bb6d56446c108f69b31d7b1ac6/99337bdcc280a5b7-01/s64x64u_c1/tumblr_de1348bb6d56446c108f69b31d7b1ac6_5ee4aa53_64.jpg]
[66.media.tumblr.com/0d5fece746b681534717f339e19a6f72/11daa207dd0105d9-94/s64x64u_c1/tumblr_0d5fece746b681534717f339e19a6f72_2f9947c4_64.jpg]
[66.media.tumblr.com/59647fedc0cf62b1e7bb9e6fa8d18042/1ca39267a4158fd3-56/s64x64u_c1/tumblr_59647fedc0cf62b1e7bb9e6fa8d18042_c5c44212_64.jpg]
[assets.tumblr.com/images/default_avatar/pyramid_open_64.png]
[66.media.tumblr.com/e398a6579466e39d2587a316da626427/ac8778961b0d6800-48/s64x64u_c1/tumblr_e398a6579466e39d2587a316da626427_01f1cdda_64.jpg]
[assets.tumblr.com/images/default_avatar/cone_open_64.png]
[assets.tumblr.com/images/default_avatar/cone_closed_64.png]
[66.media.tumblr.com/6b5d32ecab6e1880f3c1163ee1226902/331b47259f6b7d27-22/s64x64u_c1/tumblr_6b5d32ecab6e1880f3c1163ee1226902_b71f88a7_64.jpg]
[66.media.tumblr.com/939549090b60731663389faeedf4c926/c0638b60ae9a52cf-2c/s64x64u_c1/tumblr_939549090b60731663389faeedf4c926_59400f96_64.jpg]
[assets.tumblr.com/images/default_avatar/sphere_closed_64.png]
[66.media.tumblr.com/e7dbc07a9ce81c0daacd58d190be0dcf/34f7a1eed6839012-c0/s64x64u_c1/tumblr_e7dbc07a9ce81c0daacd58d190be0dcf_c1e226c0_64.jpg]
[66.media.tumblr.com/7ba9afd71466cc6758e3e78ece1d693c/113415e1b8a0fc95-94/s64x64u_c1/tumblr_7ba9afd71466cc6758e3e78ece1d693c_6a7846f1_64.jpg]
[66.media.tumblr.com/31f0d708120a24a42573e7dc508a033c/bcbe168eaee18cd0-28/s64x64u_c1/tumblr_31f0d708120a24a42573e7dc508a033c_04ce823e_64.jpg]
[66.media.tumblr.com/avatar_01aa2fb92760_64.jpg]
[spielglocked.tumblr.com/flynn-03.html]
[spielglocked.tumblr.com/android-app_/com.tumblr/tumblr/x-callback-url/blog2c5b]
[spielglocked.tumblr.com/ios-app_/305343404/tumblr/x-callback-url/blogff5c]
[spielglocked.tumblr.com/flynn-04.html]
[dl.dropboxusercontent.com/s/68f2yjd33jc4j85/djakarta-v1.css_; filename_=UTF-8''djakarta-v1.css]
[cdnjs.cloudflare.com/ajax/libs/overlayscrollbars/1.10.2/css/OverlayScrollbars.min.css]
[i.imgur.com/5ROaZRX.jpg]
[i.imgur.com/t5lmeL0.png]
[spielglocked.tumblr.com/tagged/index.html]
[i.imgur.com/EQa6UFI.png]
[i.imgur.com/AVfVOU6.png]
[i.imgur.com/RGXWWhT.png]
[66.media.tumblr.com/0d68975423234b554109272c6462ee3d/4083045897bef7a6-68/s1280x1920/tumblr_0d68975423234b554109272c6462ee3d_79b877ab_1280.jpg]
[66.media.tumblr.com/e35dae1fb13c5fb72ea208887450de48/tumblr_27a406b8f5b1471e407e61b8d59e26f4_1a3751fa_1280.jpg]
[66.media.tumblr.com/a1a0433cdedb178ec5b1feedfc567165/tumblr_66d9757a9766fa0bda584ceb997e25a6_37cc82f2_1280.jpg]
[66.media.tumblr.com/e25644d484568d01d124bf60f94707c0/tumblr_pymw9wWUgy1r461b0o9_1280.jpg]
[66.media.tumblr.com/663b7e94bebefaa425aeaa87e0532e06/tumblr_78b84dba8fd9362b462f985cee8e03a5_37705986_540.png]
[66.media.tumblr.com/335e99522ab21366aeceb076dd9bde45/tumblr_omkd0kwvfM1r1s6jlo1_1280.jpg]
[66.media.tumblr.com/63a29cf6bbc27bfe77f1a59d7802613c/tumblr_pz3h1jKvCP1r5vojso1_1280.jpg]
[i.imgur.com/4tOdhIR.png]
[i.imgur.com/pnKVT0g.jpg]
[i.imgur.com/Qvt5Reg.jpg]
[i.imgur.com/IPyxvgH.jpg]
[i.imgur.com/NFSKsL5.png]
[i.imgur.com/TfK1IPG.png]
[cdnjs.cloudflare.com/ajax/libs/overlayscrollbars/1.10.2/js/OverlayScrollbars.min.js]
[spielglocked.tumblr.com/djakarta-01.html]
[dl.dropboxusercontent.com/s/3riaeu7dwg5ah2v/djakarta-scripts.js_; filename_=UTF-8''djakarta-scripts.js]
[via.placeholder.com/800x1250.png]
[via.placeholder.com/50x50.png]
[via.placeholder.com/500x3003e4a.png]
[via.placeholder.com/500x5003e4a.png]
[via.placeholder.com/500x7003e4a.png]
[spielglocked.tumblr.com/djakarta-02.html]
[dl.dropboxusercontent.com/s/vh9r34ga921y1v1/dieter-v1.css_; filename_=UTF-8''dieter-v1.css]
[spielglocked.tumblr.com/android-app_/com.tumblr/tumblr/x-callback-url/blog.16d763c.delayed]
[spielglocked.tumblr.com/ios-app_/305343404/tumblr/x-callback-url/blog7fe6]
[66.media.tumblr.com/adb338a56a7cade9f56550268a8f2284/tumblr_p7m1c6cvRi1sgzhgyo1_1280.jpg]
[66.media.tumblr.com/aea325b2e025077f3904f52143ba5619/371e9b4bdd045f5d-24/s1280x1920/tumblr_aea325b2e025077f3904f52143ba5619_1458347e_1280.jpg]
[66.media.tumblr.com/440cc35e41fcd4501649dccaa2e758e3/tumblr_o1yyiuJmx11qzqavpo1_1280.jpg]
[66.media.tumblr.com/a143c22f8167e289f569cf71102acd27/73f2905e6eb653e4-4c/s1280x1920/tumblr_a143c22f8167e289f569cf71102acd27_06a10004_1280.jpg]
[66.media.tumblr.com/01e320676ac5deb60498334d5d02cbf1/43d42513bf634037-34/s1280x1920/tumblr_01e320676ac5deb60498334d5d02cbf1_93fe4804_1280.jpg]
[66.media.tumblr.com/tumblr_ozex916L6D1r2l3cgo1_1510671062_cover.jpg]
[spielglocked.tumblr.com/post/615467791179530240/audio_player_iframe/vodkafone/tumblr_sSfzSLVm2UESv6kTl40d9.html]
[66.media.tumblr.com/1fcdc10d9f2e8a14252623bfddbd5c02/tumblr_inline_ozex6zJ5HG1r091v3_540.jpg]
[66.media.tumblr.com/2ca64cfc4f68f6cbb25a919e1b11a25c/tumblr_inline_p7gd7l4xzd1r091v3_500.jpg]
[66.media.tumblr.com/35bc5ed3368f3299a5a1c8cc8586a4b0/tumblr_1efa2fe55280d17c4646ff809e11187d_46727c2c_1280.jpg]
[66.media.tumblr.com/593ed963f77c12c56575699d13841e7c/488fd1084db2a57e-77/s1280x1920/tumblr_593ed963f77c12c56575699d13841e7c_c58cd5b0_1280.jpg]
[66.media.tumblr.com/ac3981fd55eff4181c49557f15567e41/7385360c67dafe0c-a2/s1280x1920/tumblr_ac3981fd55eff4181c49557f15567e41_7d1e9193_1280.png]
[dl.dropboxusercontent.com/s/odhiikcos61utoo/dieter-scripts.js_; filename_=UTF-8''dieter-scripts.js]
[spielglocked.tumblr.com/dieter-01.html]
[assets.tumblr.com/client/prod/standalone/tumblelog/index.buildf6ae.js]
[spielglocked.tumblr.com/android-app_/com.tumblr/tumblr/x-callback-url/blog.17e9bd9.delayed]
[spielglocked.tumblr.com/ios-app_/305343404/tumblr/x-callback-url/blog891e]
[66.media.tumblr.com/0a4e6595913b79a1ccb4adda5773bd98/tumblr_pzn870JtSL1qz6f9yo1_1280.jpg]
[66.media.tumblr.com/66663bf7570f57b4bceb4ac7873d410e/tumblr_pzn870JtSL1qz6f9yo4_1280.jpg]
[66.media.tumblr.com/bc8cef2f5f8984bcf2b6ff88068ada90/tumblr_pzn870JtSL1qz6f9yo6_1280.jpg]
[66.media.tumblr.com/0e5de6d945c0dc63d2c40e95d9f1fda7/tumblr_pzn870JtSL1qz6f9yo2_1280.jpg]
[66.media.tumblr.com/162af9bde6bb0e11c4c0b2346b7c49b9/tumblr_pzn870JtSL1qz6f9yo5_1280.jpg]
[66.media.tumblr.com/3043d9d749c989af6b09671b7ec8adb8/tumblr_pz5ly70qAB1qeb74to1_640.jpg]
[66.media.tumblr.com/1ce4b1cb50766588ca23febca7a3fb16/tumblr_pjnkbycuiU1qizpqvo1_640.jpg]
[66.media.tumblr.com/4e25ae26cb5d4f91e2b65aa8875ba8a4/b646f3d23bc81231-af/s1280x1920/tumblr_4e25ae26cb5d4f91e2b65aa8875ba8a4_b0190d9e_1280.jpg]
[66.media.tumblr.com/91880d9589b18d569eba8ca201f3526e/tumblr_pz75pmjtRX1up9fjvo3_1280.jpg]
[66.media.tumblr.com/b4bc4c4884f764d5a62b81cb7c797af7/tumblr_pz75pmjtRX1up9fjvo5_1280.jpg]
[66.media.tumblr.com/092fca1700dc39f1a040dac427839855/tumblr_pz75pmjtRX1up9fjvo6_1280.jpg]
[66.media.tumblr.com/43634d625e85c6090361bacd27a27025/tumblr_pz75pmjtRX1up9fjvo4_1280.jpg]
[66.media.tumblr.com/3df5db94d30f023d5e2e5730d6774c65/tumblr_3038c543f06832d0dc0b2ab6dead7206_5a07a778_1280.jpg]
[66.media.tumblr.com/5fbfc0b3dd805e691e4625da93392b87/tumblr_pz75pmjtRX1up9fjvo1_1280.jpg]
[66.media.tumblr.com/f2e9a22bd678cf57a35b69a37f4dc5df/911552eb7d246c47-58/s500x750/tumblr_f2e9a22bd678cf57a35b69a37f4dc5df_5275cef9_500.jpg]
[66.media.tumblr.com/tumblr_n0nlbrb6IO1qctpa8o1_1391823079_cover.jpg]
[spielglocked.tumblr.com/dieter-02.html]
[spielglocked.tumblr.com/post/615542637997457408/audio_player_iframe/vodkafone/tumblr_ZfNeYWOCAg8TOLuLl5913.html]
[66.media.tumblr.com/78b82f9c1bd46bc18a469521943c8ee9/e1b6879b1e42e3d0-a0/s16x16u_c1/tumblr_78b82f9c1bd46bc18a469521943c8ee9_748ee1c9_16.jpg]
[66.media.tumblr.com/d6a891eb4d4310ed984299660e3c192a/3f0ae3774480d012-98/s16x16u_c1/tumblr_d6a891eb4d4310ed984299660e3c192a_baccd9be_16.jpg]
[66.media.tumblr.com/a6c759adda7aef2557800c01d7ca3585/df27e448e82ec64c-c8/s16x16u_c1/tumblr_a6c759adda7aef2557800c01d7ca3585_83bc06b0_16.jpg]
[66.media.tumblr.com/bf711741087255090f6b5c29ef67ea65/07726a55c322de73-c7/s16x16u_c1/tumblr_bf711741087255090f6b5c29ef67ea65_e58a4ed6_16.jpg]
[66.media.tumblr.com/fd4bc6fc2c933d99d22e9b51703756fb/81fef82a59e80c0d-61/s16x16u_c1/tumblr_fd4bc6fc2c933d99d22e9b51703756fb_f7854e64_16.jpg]
[assets.tumblr.com/images/default_avatar/octahedron_open_16.png]
[spielglocked.tumblr.com/dieter-03.html]
[spielglocked.tumblr.com/android-app_/com.tumblr/tumblr/x-callback-url/blogca13.html]
[spielglocked.tumblr.com/ios-app_/305343404/tumblr/x-callback-url/bloge61c.html]
[p.typekit.net/pa942.css]
[static.tumblr.com/0podkko/xIbplezmo/modified_photosets.css]
[dl.dropboxusercontent.com/s/jcxqhaqnox8ku5w/mykola-v1.css_; filename_=UTF-8''mykola-v1.css]
[spielglocked.tumblr.com/android-app_/com.tumblr/tumblr/x-callback-url/blog077a.html]
[spielglocked.tumblr.com/ios-app_/305343404/tumblr/x-callback-url/blog43b5.html]
[assets.tumblr.com/fonts/avalon/Avalon-Book-webfontc4ca.eot]
[assets.tumblr.com/fonts/avalon/Avalon-Book-webfontc4ca.woff]
[assets.tumblr.com/fonts/avalon/Avalon-Book-webfontc4ca.ttf]
[assets.tumblr.com/fonts/avalon/Avalon-Book-webfontc4ca.svg]
[assets.tumblr.com/fonts/avalon/Avalon-Bold-webfontc4ca.eot]
[assets.tumblr.com/fonts/avalon/Avalon-Bold-webfontc4ca.woff]
[assets.tumblr.com/fonts/avalon/Avalon-Bold-webfontc4ca.ttf]
[assets.tumblr.com/fonts/avalon/stylesheet3860.css]
[assets.tumblr.com/fonts/avalon/Avalon-Bold-webfontc4ca.svg]
[assets.tumblr.com/pop/manifest/icon_40-a17390a1.png]
[assets.tumblr.com/pop/manifest/icon_80-d2a21227.png]
[assets.tumblr.com/pop/manifest/icon_120-e7b839b0.png]
[assets.tumblr.com/pop/manifest/icon_180-977de9c8.png]
[assets.tumblr.com/pop/main-3b4b88af.css]
[assets.tumblr.com/pop/shared-730e9a8e.css]
[assets.tumblr.com/pop/archive-page-3ec799e3.css]
[assets.tumblr.com/pop/js/runtime-f378d20a.js]
[assets.tumblr.com/pop/js/vendor-74fdc055.js]
[spielglocked.tumblr.com/archive.html]
[spielglocked.tumblr.com/post/183375753742/audio_player_iframe/vodkafone/tumblr_ls5yvonbmb1qbnnd6f4ae.html]
[assets.tumblr.com/assets/scripts/vendor/cedexis/1-13960-radar10.min5198.html]
[spielglocked.tumblr.com/android-app_/com.tumblr/tumblr/x-callback-url/blog4bff.html]
[spielglocked.tumblr.com/ios-app_/305343404/tumblr/x-callback-url/blogd67a.html]
[spielglocked.tumblr.com/android-app_/com.tumblr/tumblr/x-callback-url/blog8d7b.html]
[spielglocked.tumblr.com/ios-app_/305343404/tumblr/x-callback-url/blogef30.html]
[dl.dropboxusercontent.com/s/fvo7irfxmvdki54/sima-stylesheet.css_; filename_=UTF-8''sima-stylesheet.css]
[spielglocked.tumblr.com/android-app_/com.tumblr/tumblr/x-callback-url/blog2f5e.html]
[spielglocked.tumblr.com/ios-app_/305343404/tumblr/x-callback-url/blogea59.html]
[spielglocked.tumblr.com/post/620829400743706624/audio_player_iframe/vodkafone/tumblr_mkx10jOLTk1s91iac73d8.html]
[assets.tumblr.com/pop/js/main-147e9e68.js]
[spielglocked.tumblr.com/page/android-app_/com.tumblr/tumblr/x-callback-url/blogac33]
[spielglocked.tumblr.com/page/ios-app_/305343404/tumblr/x-callback-url/blogac33]
[spielglocked.tumblr.com/page/2.html]
[dl.dropboxusercontent.com/s/ldzl7ylhf8lgpp0/sima-v1.css_; filename_=UTF-8''sima-v1.css]
[spielglocked.tumblr.com/android-app_/com.tumblr/tumblr/x-callback-url/blogab15.html]
[spielglocked.tumblr.com/ios-app_/305343404/tumblr/x-callback-url/blog4767.html]
[spielglocked.tumblr.com/page01.html]
[spielglocked.tumblr.com/page02.html]
[spielglocked.tumblr.com/post/184529911922/audio_player_iframe/vodkafone/tumblr_mza325VcJK1qhqvn97d3f.html]
[spielglocked.tumblr.com/android-app_/com.tumblr/tumblr/x-callback-url/blog22a1.html]
[spielglocked.tumblr.com/ios-app_/305343404/tumblr/x-callback-url/blog6db9.html]
[dl.dropboxusercontent.com/s/n4qya0sbrvgdeb2/mitya-v1.css_; filename_=UTF-8''mitya-v1.css]
[spielglocked.tumblr.com/android-app_/com.tumblr/tumblr/x-callback-url/blog918d.html]
[spielglocked.tumblr.com/ios-app_/305343404/tumblr/x-callback-url/blogf6b6.html]
[spielglocked.tumblr.com/post/185498522262/audio_player_iframe/vodkafone/tumblr_mjljwlM1fG1s7akhn115a.html]
[spielglocked.tumblr.com/android-app_/com.tumblr/tumblr/x-callback-url/blogbc02.html]
[spielglocked.tumblr.com/ios-app_/305343404/tumblr/x-callback-url/blog3fb5.html]
[spielglocked.tumblr.com/post/185567381822/audio_player_iframe/vodkafone/tumblr_prpohqfQuG1szd2g36b95.html]
[spielglocked.tumblr.com/android-app_/com.tumblr/tumblr/x-callback-url/blog0971.html]
[spielglocked.tumblr.com/ios-app_/305343404/tumblr/x-callback-url/blog74cc.html]
[spielglocked.tumblr.com/post/185569090062/audio_player_iframe/vodkafone/tumblr_mo582cW5vM1r0mdvu812f.html]
[dl.dropboxusercontent.com/s/c34hafrafj8gb1i/aidan-v1.css_; filename_=UTF-8''aidan-v1.css]
[unpkg.com/aos@2.3.1/dist/aos.css]
[spielglocked.tumblr.com/android-app_/com.tumblr/tumblr/x-callback-url/bloga697.html]
[spielglocked.tumblr.com/ios-app_/305343404/tumblr/x-callback-url/blog1625.html]
[spielglocked.tumblr.com/post/186474513322/audio_player_iframe/vodkafone/tumblr_n7pzcagC7t1sqtsjw5241.html]
[spielglocked.tumblr.com/#_=_.html]
[spielglocked.tumblr.com/android-app_/com.tumblr/tumblr/x-callback-url/blogd059.html]
[spielglocked.tumblr.com/ios-app_/305343404/tumblr/x-callback-url/blog64f7.html]
[spielglocked.tumblr.com/android-app_/com.tumblr/tumblr/x-callback-url/blog848e.html]
[spielglocked.tumblr.com/ios-app_/305343404/tumblr/x-callback-url/blog028e.html]
[spielglocked.tumblr.com/android-app_/com.tumblr/tumblr/x-callback-url/blog3e3b.html]
[spielglocked.tumblr.com/ios-app_/305343404/tumblr/x-callback-url/blog8559.html]
[i.imgur.com/Di7d6RL.png]
[i.imgur.com/2WCKMAs.png]
[i.imgur.com/4tTbPJ0.png]
[i.imgur.com/KZxVoqX.png]
[i.imgur.com/w8YlAan.png]
[i.imgur.com/uQv87gh.png]
[i.imgur.com/SuoRfhx.png]
[dl.dropboxusercontent.com/s/9wavgqnh65ywsqu/sochi-v1.css_; filename_=UTF-8''sochi-v1.css]
[i.imgur.com/OvM6ZJa.png]
[dl.dropboxusercontent.com/s/n9r8hjisuq8fiql/sochi-customizer-styling.css_; filename_=UTF-8''sochi-customizer-styling.css]
[dl.dropboxusercontent.com/s/3x2nevpvlozdlq4/s_ren-v1.css_; filename_=UTF-8''s%C3%B8ren-v1.css]
[spielglocked.tumblr.com/android-app_/com.tumblr/tumblr/x-callback-url/blogaaec.html]
[spielglocked.tumblr.com/ios-app_/305343404/tumblr/x-callback-url/blog193e.html]
[spielglocked.tumblr.com/post/188041234552/audio_player_iframe/vodkafone/tumblr_ne0uazKmzC1qerkjw5a2f.html]
[spielglocked.tumblr.com/android-app_/com.tumblr/tumblr/x-callback-url/blogd700.html]
[spielglocked.tumblr.com/ios-app_/305343404/tumblr/x-callback-url/blog3ebd.html]
[dl.dropboxusercontent.com/s/534ajfq42zjfmbr/flynn-v1.css_; filename_=UTF-8''flynn-v1.css]
[spielglocked.tumblr.com/post/188445639042/audio_player_iframe/vodkafone/tumblr_XZ9dUXjkmsk9FE8Gcf78e.html]
[spielglocked.tumblr.com/page/3.html]
[spielglocked.tumblr.com/android-app_/com.tumblr/tumblr/x-callback-url/blogf5bb.html]
[spielglocked.tumblr.com/ios-app_/305343404/tumblr/x-callback-url/blog0a27.html]
[spielglocked.tumblr.com/android-app_/com.tumblr/tumblr/x-callback-url/blog2c5b.html]
[spielglocked.tumblr.com/ios-app_/305343404/tumblr/x-callback-url/blogff5c.html]
[dl.dropboxusercontent.com/s/68f2yjd33jc4j85/djakarta-v1.css_; filename_=UTF-8''djakarta-v1.css]
[cdnjs.cloudflare.com/ajax/libs/overlayscrollbars/1.10.2/css/OverlayScrollbars.min.css]
[spielglocked.tumblr.com/tagged/index.html]
[dl.dropboxusercontent.com/s/vh9r34ga921y1v1/dieter-v1.css_; filename_=UTF-8''dieter-v1.css]
[spielglocked.tumblr.com/android-app_/com.tumblr/tumblr/x-callback-url/blog763c.html]
[spielglocked.tumblr.com/ios-app_/305343404/tumblr/x-callback-url/blog7fe6.html]
[spielglocked.tumblr.com/post/615467791179530240/audio_player_iframe/vodkafone/tumblr_sSfzSLVm2UESv6kTl40d9.html]
[spielglocked.tumblr.com/android-app_/com.tumblr/tumblr/x-callback-url/blog9bd9.html]
[spielglocked.tumblr.com/ios-app_/305343404/tumblr/x-callback-url/blog891e.html]
[spielglocked.tumblr.com/post/615542637997457408/audio_player_iframe/vodkafone/tumblr_ZfNeYWOCAg8TOLuLl5913.html]
[assets.tumblr.com/fonts/avalon/Avalon-Book-webfontc4ca.svg]
[assets.tumblr.com/fonts/avalon/Avalon-Bold-webfontc4ca.svg]
[assets.tumblr.com/pop/fonts/gibson/gibson-light-0db5d248.woff]
[assets.tumblr.com/pop/main-3b4b88af.css]
[assets.tumblr.com/pop/shared-730e9a8e.css]
[assets.tumblr.com/pop/archive-page-3ec799e3.css]
[spielglocked.tumblr.com/page/android-app_/com.tumblr/tumblr/x-callback-url/blogac33.html]
[spielglocked.tumblr.com/page/ios-app_/305343404/tumblr/x-callback-url/blogac33.html]
